
  ___  ____  ____  ____  ____ ©
 /__    /   ____/   /   ____/      17.0
___/   /   /___/   /   /___/       MP—Parallel Edition

 Statistics and Data Science       Copyright 1985-2021 StataCorp LLC
                                   StataCorp
                                   4905 Lakeway Drive
                                   College Station, Texas 77845 USA
                                   800-STATA-PC        https://www.stata.com
                                   979-696-4600        stata@stata.com

Stata license: Unlimited-user 64-core network perpetual
Serial number: 18461036
  Licensed to: TEAM BTCR
               TEAM BTCR

Notes:
      1. Stata is running in batch mode.
      2. Unicode is supported; see help unicode_advice.
      3. More than 2 billion observations are allowed; see help obs_advice.
      4. Maximum number of variables is set to 5,000; see help set_maxvar.

. do 0_master.do 

. * 
. *------------------------------------------------------------------------------
> *
. *                        Master do file to clean FNF                           
>     *
. /*
> 
>         Author:                         Arpan
>         Date created:           16th Sep 2026
>         Date updated:           16th Sep 2026
>         Last updated by:        Arpan
> 
>         Notes:
>                                                 This is a templet master do fil
> e.
>                         
>         Dependencies:           This do file is not dependendent on any other d
> o files.
> 
> */
. 
. *------------------------------------------------------------------------------
> *
. **#                                                     STATA setups           
>                                                              
. *------------------------------------------------------------------------------
> *
. 
. local dofilename "0_master"

. version 17

. clear all

. macro drop _all

. cap log close

. set rmsg on     
r; t=0.00 10:52:24

. set more off
r; t=0.00 10:52:24

. cap clear frames
r; t=0.00 10:52:24

. 
.         
. *--------------------------------------------------------------------------*
.         **# Folder macros (global)
.         
.         if "`c(username)'" == "ACER" {
.                 global workspace "C:/Users/ACER/OneDrive - Samriddhi Foundation
> /Projects/FNF"
r; t=0.00 10:52:24
.         }
r; t=0.00 10:52:24

.         
.         if "`c(username)'" == "HP" {
.                 global workspace "C:/Users/HP/OneDrive/Fnf/FNF-student"
r; t=0.00 10:52:24
.         }
r; t=0.00 10:52:24

.         
.         if "`c(username)'" == "pprak" {
.                         global workspace "C:/Users/pprak/OneDrive/Desktop/FNF-s
> tudent"
r; t=0.00 10:52:24
.         }
r; t=0.00 10:52:24

.         
.         * Allow batch execution from the project root under other Windows accou
> nts.
.         if "$workspace" == "" {
.                 capture confirm file "0_master.do"
r; t=0.00 10:52:24
.                 if !_rc global workspace "`c(pwd)'"
r; t=0.00 10:52:24
r; t=0.00 10:52:24
.         }
r; t=0.00 10:52:24

.                 **# Sub folder macros (global)
.         global data                     "$workspace/1_data"
r; t=0.00 10:52:24

.                 gl data_raw             "$data/1_raw"
r; t=0.00 10:52:24

.                 gl data_clean           "$data/2_clean"
r; t=0.00 10:52:24

.         global prep                             "$workspace/2_prep"
r; t=0.00 10:52:24

.         global  analysis                "$workspace/3_analysis" 
r; t=0.00 10:52:24

.         global  log                             "$workspace/4_log"
r; t=0.00 10:52:24

.         global  doc                             "$workspace/5_documentation"
r; t=0.00 10:52:24

.         global  output                  "$workspace/6_output"
r; t=0.00 10:52:24

.         
.         
. *--------------------------------------------------------------------------*
.         **# Macros check
.         
.         ** No need to change following codes
.         if "$workspace" == "" {
.                 di as error "Please set up workspace directory"
r; t=0.00 10:52:24
.                 exit
r; t=0.00 10:52:24
.         } 
r; t=0.00 10:52:24

.         
.         *----------------------------------------------------------------------
> ----*
.         **# Packages check
.         
.         ** Setting ado path
.         adopath + "${prep}/ado"
  [1]  (BASE)      "C:\Program Files\Stata17\ado\base/"
  [2]  (SITE)      "C:\Program Files\Stata17\ado\site/"
  [3]              "."
  [4]  (PERSONAL)  "C:\Users\ACER\ado\personal/"
  [5]  (PLUS)      "C:\Users\ACER\ado\plus/"
  [6]  (OLDPLACE)  "c:\ado/"
  [7]              "C:\Users\ACER\OneDrive - Samriddhi Foundation\Projects\FNF/2_
> prep/ado"
r; t=0.00 10:52:24

.         adopath + "${analysis}/ado"
  [1]  (BASE)      "C:\Program Files\Stata17\ado\base/"
  [2]  (SITE)      "C:\Program Files\Stata17\ado\site/"
  [3]              "."
  [4]  (PERSONAL)  "C:\Users\ACER\ado\personal/"
  [5]  (PLUS)      "C:\Users\ACER\ado\plus/"
  [6]  (OLDPLACE)  "c:\ado/"
  [7]              "C:\Users\ACER\OneDrive - Samriddhi Foundation\Projects\FNF/2_
> prep/ado"
  [8]              "C:\Users\ACER\OneDrive - Samriddhi Foundation\Projects\FNF/3_
> analysis/ado"
r; t=0.00 10:52:24

.         
.         ** List all required packages below as local. !! No SPACES in package n
> ame !!
.         local packages ""
r; t=0.00 10:52:24

.         
.         foreach package in `packages' {
  2.                 cap which `package'
  3.                 if _rc {
  4.                         if "`package'"=="estout" {
  5.                                 ** Steps to install specific package
.                                 ssc install estout
  6.                         }
  7.                         if "`package'"=="texify" {
  8.                                 ** Steps to install specific package
.                                 ssc install texify
  9.                         }
 10.                         else {
 11.                                 di as error "Need to install following packa
> ge: `package'"
 12.                                 search `package'
 13.                         }
 14.                 }
 15.         }
r; t=0.00 10:52:24

.         
.         *----------------------------------------------------------------------
> ----*
.         **# Date/time macro (global)
.         ** Following is useful for hourly log purpose
.         local datehour =ustrregexra(regexr("`c(current_date)'"," 20","") +"_"+r
> egexr("`c(current_time)'",":[0-9]+:[0-9]+","")," ","") //saves string in 4Mar23
> _13 format, equivalent to 4th march 2023, 13 hour.
r; t=0.01 10:52:24

.         
. *------------------------------------------------------------------------------
> *
. **#                                                     Setting directory
. /*
>         Please avoid changing directory frequently during a STATA session. 
>         Subsequent do files might be dependent on setting of directory to "work
> space"
>         folder. This avoids breakage of scripts. In cases where changing direct
> ory 
>         is unavoidable, do change them back to "workspace" folder.
> */                                                                          
. *------------------------------------------------------------------------------
> *
. 
. cd "$workspace"
C:\Users\ACER\OneDrive - Samriddhi Foundation\Projects\FNF
r; t=0.00 10:52:24

. 
. *Work1: Cleaning for consumption
. 
. 
. // doedit "$prep/cleaning1-53.do" 
. // doedit "$prep/arpan.do"
. // doedit "$prep/prakash.do"
. // doedit "$prep/cleaning105-156.do"
. 
. do "$prep/cleaning.do"

. clear
r; t=0.00 10:52:24

. set more off
r; t=0.00 10:52:24

. 
. import excel "$data_raw/raw-data-student.xlsx", sheet("Youth and Aspirations Pe
> rcep...") firstrow
(155 vars, 884 obs)
r; t=1.01 10:52:25

. 
. * Deleted columns
. capture drop consent_intro      // empty and of no use
r; t=0.00 10:52:25

. capture drop prelim             // empty and of no use
r; t=0.00 10:52:25

. capture drop sec1               // empty and of no use
r; t=0.00 10:52:25

. capture drop sec1_primer        // empty and of no use
r; t=0.00 10:52:25

. capture drop gender_other       // empty and of no use
r; t=0.00 10:52:25

. capture drop ethnicity          // redundant export field
r; t=0.00 10:52:25

. capture drop religion           // redundant empty export field
r; t=0.00 10:52:25

. 
. rename _1_4_What_is_your_caste_ethnicit ethnicity
r; t=0.06 10:52:25

. rename _1_6_Which_religion_do_you_ident religion
r; t=0.00 10:52:25

. 
. format interview_date %tdCCYY-NN-DD
r; t=0.00 10:52:25

. generate double interview_time_num = clock(substr(interview_time, 1, 12), "hms"
> )
r; t=0.00 10:52:25

. format interview_time_num %tcHH:MM:SS
r; t=0.00 10:52:25

. 
. * Clean local government name while preserving the full cleaned text.
. clonevar local_government_raw = local_government
(1 missing value generated)
r; t=0.05 10:52:25

. gen strL local_government_clean = ustrlower(ustrtrim(local_government_raw))
(1 missing value generated)
r; t=0.01 10:52:25

. replace local_government_clean = ustrregexra(local_government_clean, "\s+", " "
> )
(1 real change made)
r; t=0.00 10:52:25

. replace local_government_clean = ustrregexra(local_government_clean, "\.+$", ""
> )
(3 real changes made)
r; t=0.00 10:52:25

. replace local_government_clean = ustrtrim(local_government_clean)
(0 real changes made)
r; t=0.00 10:52:25

. 
. gen str30 lg_name = ""
(884 missing values generated)
r; t=0.00 10:52:25

. gen str30 lg_type = ""
(884 missing values generated)
r; t=0.00 10:52:25

. gen byte lg_review = 0
r; t=0.00 10:52:25

. gen str80 lg_review_note = ""
(884 missing values generated)
r; t=0.00 10:52:25

. 
. replace lg_name = "Banepa"            if ustrregexm(local_government_clean, "^b
> anepa($| )")
(5 real changes made)
r; t=0.00 10:52:25

. replace lg_name = "Biratnagar"        if ustrregexm(local_government_clean, "^b
> iratnagar($| )")
(135 real changes made)
r; t=0.00 10:52:25

. replace lg_name = "Birendranagar"     if ustrregexm(local_government_clean, "^b
> irendranagar($| )")
(44 real changes made)
r; t=0.00 10:52:25

. replace lg_name = "Butwal"            if ustrregexm(local_government_clean, "^(
> butwal|butawal)($| )")
(65 real changes made)
r; t=0.00 10:52:25

. replace lg_name = "Chandragiri"       if ustrregexm(local_government_clean, "^c
> handragir(i|u)($| )")
(4 real changes made)
r; t=0.00 10:52:25

. replace lg_name = "Dhangadhi"         if ustrregexm(local_government_clean, "^d
> hang")
(78 real changes made)
r; t=0.00 10:52:25

. replace lg_name = "Janakpurdham"      if ustrregexm(local_government_clean, "^j
> anakpur")
(168 real changes made)
r; t=0.00 10:52:25

. replace lg_name = "Kathmandu"         if ustrregexm(local_government_clean, "^k
> athmandu") | local_government_clean == "काठमाडौं महानगरपालिका"
(120 real changes made)
r; t=0.00 10:52:25

. replace lg_name = "Kirtipur"          if ustrregexm(local_government_clean, "^k
> irtipur($| )")
(5 real changes made)
r; t=0.00 10:52:25

. replace lg_name = "Lalitpur"          if ustrregexm(local_government_clean, "^l
> alitpur($| )")
(8 real changes made)
r; t=0.00 10:52:25

. replace lg_name = "Mahalaxmi"         if ustrregexm(local_government_clean, "^m
> ahalaxmi($| )")
(10 real changes made)
r; t=0.00 10:52:25

. replace lg_name = "Pokhara"           if ustrregexm(local_government_clean, "^p
> okhar")
(67 real changes made)
r; t=0.00 10:52:25

. replace lg_name = "Siddharthanagar"   if ustrregexm(local_government_clean, "^s
> id+hart|^siddhart|^siddharth|^siddhartha")
(74 real changes made)
r; t=0.00 10:52:25

. replace lg_name = "Tarakeshwar"       if ustrregexm(local_government_clean, "^t
> arke|^tarake") | local_government_clean == "तारकेश्वर नगरपालिका"
(33 real changes made)
r; t=0.00 10:52:25

. replace lg_name = "Tokha"             if ustrregexm(local_government_clean, "^t
> okh")
(59 real changes made)
r; t=0.00 10:52:25

. 
. replace lg_name = "Chandragiri"       if local_government_clean == "chandraguri
>  municipality"
(4 real changes made)
r; t=0.00 10:52:25

. replace lg_name = "Birendranagar"     if local_government_clean == "birendra"
(1 real change made)
r; t=0.00 10:52:25

. replace lg_name = "Pokhara"           if local_government_clean == "pokh"
(1 real change made)
r; t=0.00 10:52:25

. replace lg_name = "Siddharthanagar"   if local_government_clean == "sidartha na
>  pa"
(1 real change made)
r; t=0.00 10:52:25

. 
. replace lg_type = "Metropolitan City" if ustrregexm(local_government_clean, "ma
> hanagar|mahangar|metropolitan") ///
>     & !ustrregexm(local_government_clean, "sub metropolitan|sub metro|submetro"
> )
(172 real changes made)
r; t=0.05 10:52:25

. 
. replace lg_type = "Sub-Metropolitan City" if ustrregexm(local_government_clean,
>  "sub metropolitan|sub metro|submetro|sub metropoliticity|metro politicity|up n
> a pa|up no pa")
(238 real changes made)
r; t=0.00 10:52:25

. 
. replace lg_type = "Municipality" if ustrregexm(local_government_clean, "municip
> ality|nagarpalika|nagar palika|nagarpa|na pa") ///
>     & lg_type == ""
(110 real changes made)
r; t=0.00 10:52:25

. 
. replace lg_type = "Municipality" if inlist(lg_name, "Banepa", "Chandragiri", "K
> irtipur", "Mahalaxmi", "Siddharthanagar", "Tarakeshwar", "Tokha") ///
>     & lg_type == ""
(118 real changes made)
r; t=0.00 10:52:25

. 
. replace lg_type = "Sub-Metropolitan City" if inlist(lg_name, "Butwal", "Dhangad
> hi", "Janakpurdham", "Pokhara") ///
>     & lg_type == ""
(131 real changes made)
r; t=0.00 10:52:25

. 
. replace lg_type = "Metropolitan City" if inlist(lg_name, "Biratnagar", "Kathman
> du", "Lalitpur") ///
>     & lg_type == ""
(91 real changes made)
r; t=0.00 10:52:25

. 
. replace lg_type = "Municipality" if lg_name == "Birendranagar" & lg_type == ""
(22 real changes made)
r; t=0.00 10:52:25

. 
. replace lg_review = 1 if lg_name == "" & !missing(local_government_clean)
(1 real change made)
r; t=0.00 10:52:25

. replace lg_review_note = "Could not standardize local government name" if lg_re
> view == 1
(1 real change made)
r; t=0.00 10:52:25

. 
. replace lg_review = 1 if local_government_clean == "28"
(0 real changes made)
r; t=0.00 10:52:25

. replace lg_review_note = "Needs manual confirmation" if local_government_clean 
> == "28"
(1 real change made)
r; t=0.00 10:52:25

. 
. order local_government_clean lg_name lg_type lg_review lg_review_note, after(lo
> cal_government)
r; t=0.02 10:52:25

. drop local_government_raw
r; t=0.00 10:52:25

. 
. * Clean ward names
. capture confirm string variable ward
r; t=0.00 10:52:25

. if !_rc {
.     replace ward = "24" if ward == "२४"
(1 real change made)
r; t=0.00 10:52:25
.     replace ward = "3"  if ward == "३"
(1 real change made)
r; t=0.00 10:52:25
.     replace ward = "31" if ward == "३१"
(1 real change made)
r; t=0.00 10:52:25
.     replace ward = "32" if ward == "३२"
(1 real change made)
r; t=0.00 10:52:25
.     replace ward = "5"  if ward == "५"
(1 real change made)
r; t=0.00 10:52:25
.     replace ward = "6"  if ward == "६"
(2 real changes made)
r; t=0.00 10:52:25
.     replace ward = "7"  if ward == "७"
(4 real changes made)
r; t=0.00 10:52:25
.     replace ward = "9"  if ward == "۹" | ward == "९"
(3 real changes made)
r; t=0.00 10:52:25
.     destring ward, replace
ward: all characters numeric; replaced as byte
(108 missing values generated)
r; t=0.06 10:52:25
. }
r; t=0.06 10:52:25

. 
. * Encode string categorical variables and keep them in their original positions
> .
. foreach var of varlist Interviewer_Name Province lg_name lg_type {
  2.     capture confirm string variable `var'
  3.     if !_rc {
  4.         encode `var', generate(`var'_temp)
  5.         order `var'_temp, before(`var')
  6.         drop `var'
  7.         rename `var'_temp `var'
  8.     }
  9. }
r; t=0.01 10:52:25

. 
. * Label definitions
. label define yesno 1 "Yes" 2 "No" 3 "Not Sure" 4 "Prefer not to say"
r; t=0.00 10:52:25

. label define gender 1 "Male" 2 "Female"
r; t=0.00 10:52:25

. label define education_lb 1 "Bachelors 1st year" 2 "Bachelors 2nd year" 3 "Bach
> elors 3rd year" 4 "Bachelors 4th year" 5 "Bachelors 5th year" 6 "Masters 1st ye
> ar" 7 "Masters 2nd year" 8 "PHD"
r; t=0.00 10:52:25

. label define pub_private 1 "Private" 2 "Public" 3 "Prefer not to say"
r; t=0.00 10:52:25

. label define agree_disagree 1 "Strongly Agree" 2 "Agree" 3 "Neutral" 4 "Disagre
> e" 5 "Strongly Disagree" 6 "Prefer not to say" 7 "Donot Know"
r; t=0.00 10:52:25

. label define stability 1 "Much more stable" 2 "Somewhat more stable" 3 "About t
> he same" 4 "Somewhat less stable" 5 "Much less stable" 6 "Prefer not to say" 7 
> "Don't know"
r; t=0.00 10:52:25

. label define rank_stability 1 "Very Stable" 2 "Stable" 3 "Neutral" 4 "Unstable"
>  5 "Very Unstable" 6 "Prefer not to say" 7 "Dont know"
r; t=0.00 10:52:25

. label define frequency 1 "Daily" 2 "Several times a week" 3 "Weekly" 4 "Occasio
> nally" 5 "Never"
r; t=0.00 10:52:25

. label define notvote_reasons 1 "Did not register" 2 "Away from registerd voting
>  location" 3 "Health/Family issue" 4 "Not interested in voting process" 5 "Didn
> ot trust political parties/candidates" 6 "Intentionally boycotted the election"
>  7 "My vote would not make no difference" 8 "Prefer not to say" 9 "Others Pleas
> e specify"
r; t=0.00 10:52:25

. label define degree 1 "Very Likely" 2 "Somewhat Likely" 3 "Somewhat Unlikely" 4
>  "Very Unlikely" 5 "Donot Know" 6 "Prefer Not to say"
r; t=0.00 10:52:25

. label define confidence 1 "Very Confident" 2 "Confident" 3 "Neutral" 4 "Not Con
> fident" 5 "Not at all confident"
r; t=0.00 10:52:25

. label define engagement 1 "Engaged Directly" 2 "Very Closely" 3 "Somewhat Close
> ly" 4 "Heard But followed Vary Little" 5 "Not at All" 6 "Prefer Not to say"
r; t=0.00 10:52:25

. label define how_closely 1 "Very Closely" 2 "Somewhat Closely" 3 "Not Very Clos
> ely" 4 "Not at all" 5 "Prefer not to say"
r; t=0.00 10:52:25

. label define optimism 1 "Very Optimistic" 2 "Somewhat Optimistic" 3 "Neutral" 4
>  "Somewhat Pessimistic" 5 "Very Pessimistic" 6 "Don't Know"
r; t=0.00 10:52:25

. 
. * Section 1: Demographic information
. label variable screener "Eligible: age 18-35 and student at sampled institution
> "
r; t=0.00 10:52:25

. label variable Interviewer_Name "Name of interviewer"
r; t=0.00 10:52:25

. label variable age "1.1 Age in completed years"
r; t=0.00 10:52:25

. label variable gender "1.2 Gender"
r; t=0.00 10:52:25

. label variable education "1.3 Current education level and year"
r; t=0.00 10:52:25

. label variable edu_school "1.3.1 SLC/SEE school: private or public"
r; t=0.00 10:52:25

. label variable edu_plus2 "1.3.2 Plus-two institution: private or public"
r; t=0.00 10:52:25

. label variable edu_bachelors "1.3.3 Bachelor's institution: private or public"
r; t=0.00 10:52:25

. label variable edu_masters "1.3.4 Master's or higher institution: private or pu
> blic"
r; t=0.00 10:52:25

. label variable ethnicity "1.4 Caste/ethnicity"
r; t=0.00 10:52:25

. label variable religious_belief "1.5 Considers self a person with religious bel
> iefs"
r; t=0.00 10:52:25

. label variable religion "1.6 Religion"
r; t=0.00 10:52:25

. label variable marital_status "1.7 Marital status"
r; t=0.00 10:52:25

. label variable life_place "1.8 Urban/rural location of most of life"
r; t=0.00 10:52:25

. label variable family_abroad "1.9 Close family member has lived or lives abroad
> "
r; t=0.00 10:52:25

. label variable family_returned "1.9.1 Family member abroad returned permanently
> "
r; t=0.00 10:52:25

. label variable migration_plan "1.10 Plans to go abroad or stay in Nepal"
r; t=0.00 10:52:25

. label variable abroad_purpose "1.10.1a Purpose of going abroad"
r; t=0.00 10:52:25

. label variable nepal_plan "1.10.1b Plans while staying in Nepal"
r; t=0.00 10:52:25

. 
. label values screener yesno
r; t=0.00 10:52:25

. label values gender gender
r; t=0.00 10:52:25

. label values education education_lb
r; t=0.00 10:52:25

. label values edu_school pub_private
r; t=0.00 10:52:25

. label values edu_plus2 pub_private
r; t=0.00 10:52:25

. label values edu_bachelors pub_private
r; t=0.00 10:52:25

. label values edu_masters pub_private
r; t=0.00 10:52:25

. 
. * Section 2: Political interest and participation
. capture drop sec2
r; t=0.00 10:52:25

. capture drop sec2_primer
r; t=0.00 10:52:25

. 
. label variable q2_1 "2.1 Agreement: politics is central to living in Nepal"
r; t=0.00 10:52:25

. label values q2_1 agree_disagree
r; t=0.00 10:52:25

. label variable q2_2 "2.2 Frequency of following political news"
r; t=0.00 10:52:25

. label values q2_2 frequency
r; t=0.00 10:52:25

. label variable q2_3 "2.3 Active involvement in politics/political organizations
> "
r; t=0.00 10:52:25

. label values q2_3 yesno
r; t=0.00 10:52:25

. label variable q2_4 "2.4 Voted in 2022 federal election"
r; t=0.00 10:52:25

. label values q2_4 yesno
r; t=0.00 10:52:25

. label variable q2_4_1 "2.4.1 Reason for not voting: federal"
r; t=0.00 10:52:25

. label variable Others_Please_Specify "2.4.1 Other reason for not voting: federa
> l"
r; t=0.00 10:52:25

. 
. label variable q2_5 "2.5 Voted in 2022 provincial election"
r; t=0.00 10:52:25

. label values q2_5 yesno
r; t=0.00 10:52:25

. label variable q2_5_1 "2.5.1 Reason for not voting: provincial"
r; t=0.00 10:52:25

. label variable Others_please_specify_001 "2.5.1 Other reason for not voting: pr
> ovincial"
r; t=0.00 10:52:25

. 
. label variable q2_6 "2.6 Voted in 2022 local election"
r; t=0.00 10:52:25

. label values q2_6 yesno
r; t=0.00 10:52:25

. label variable q2_6_1 "2.6.1 Reason for not voting: local"
r; t=0.00 10:52:25

. label variable Others_please_specify_002 "2.6.1 Other reason for not voting: lo
> cal"
r; t=0.00 10:52:25

. 
. capture drop q2_7_transition
r; t=0.00 10:52:25

. label variable q2_7 "2.7 Likelihood of voting in 2027 local elections"
r; t=0.00 10:52:25

. label values q2_7 degree
r; t=0.00 10:52:25

. label variable q2_7_1 "2.7.1 Reason unlikely to vote in 2027 local elections"
r; t=0.00 10:52:25

. label values q2_7_1 notvote_reasons
r; t=0.00 10:52:25

. 
. capture drop q2_8_transition
r; t=0.00 10:52:25

. capture drop q2_8
r; t=0.00 10:52:25

. label variable q2_8_1 "2.8.1 Past 12 months: Attended campaign/rally"
r; t=0.00 10:52:25

. label values q2_8_1 yesno
r; t=0.00 10:52:25

. label variable q2_8_2 "2.8.2 Past 12 months: Volunteered for party/campaign"
r; t=0.00 10:52:25

. label values q2_8_2 yesno
r; t=0.00 10:52:25

. label variable q2_8_3 "2.8.3 Past 12 months: Joined protest/demonstration"
r; t=0.00 10:52:25

. label values q2_8_3 yesno
r; t=0.00 10:52:25

. label variable q2_8_4 "2.8.4 Past 12 months: Joined public meeting/discussion"
r; t=0.00 10:52:25

. label values q2_8_4 yesno
r; t=0.00 10:52:25

. label variable q2_8_5 "2.8.5 Past 12 months: Contacted elected representative"
r; t=0.00 10:52:25

. label values q2_8_5 yesno
r; t=0.00 10:52:25

. label variable q2_8_6 "2.8.6 Past 12 months: Joined ward user committee"
r; t=0.00 10:52:25

. label values q2_8_6 yesno
r; t=0.00 10:52:25

. 
. label variable q2_9 "2.9 Confidence in influencing government decisions"
r; t=0.00 10:52:25

. label values q2_9 confidence
r; t=0.00 10:52:25

. 
. * Section 3: Perception of political stability
. capture drop sec3
r; t=0.00 10:52:25

. capture drop sec3_primer
r; t=0.00 10:52:25

. 
. label variable q3_1_1 "Nepal instability cause: Government changes/party confli
> ct"
r; t=0.00 10:52:25

. label variable q3_1_2 "Nepal instability cause: Policy formulation failure"
r; t=0.00 10:52:25

. label variable q3_1_2_001 "Nepal instability cause: Policy implementation failu
> re"
r; t=0.00 10:52:25

. label variable q3_1_3 "Nepal instability cause: Corruption"
r; t=0.00 10:52:25

. label variable q3_1_3_001 "Nepal instability cause: Lack of accountability"
r; t=0.00 10:52:25

. label variable q3_1_4 "Nepal instability cause: Protests/violence/civic unrest"
r; t=0.00 10:52:25

. label variable q3_1_5 "Nepal instability cause: Transfers of government officia
> ls"
r; t=0.00 10:52:25

. label variable q3_1_6 "Nepal instability cause: Conflict between government tie
> rs"
r; t=0.00 10:52:25

. label variable q3_1_7 "Nepal instability cause: Foreign/external influence"
r; t=0.00 10:52:25

. label values q3_1_1 q3_1_2 q3_1_2_001 q3_1_3 q3_1_3_001 q3_1_4 q3_1_5 q3_1_6 q3
> _1_7 agree_disagree
r; t=0.00 10:52:25

. 
. label variable q3_2 "3.2 Political stability of Nepal today"
r; t=0.00 10:52:25

. label values q3_2 rank_stability
r; t=0.00 10:52:25

. label variable q3_3 "3.3 Nepal stability compared with one year ago"
r; t=0.00 10:52:25

. label variable q3_4 "3.4 Nepal stability compared with five years ago"
r; t=0.00 10:52:25

. label variable q3_5 "3.5 Expected Nepal stability in five years"
r; t=0.00 10:52:25

. label values q3_3 q3_4 q3_5 stability
r; t=0.00 10:52:25

. 
. capture drop q3_6_transition
r; t=0.00 10:52:25

. label variable q3_6 "3.6 Likelihood government changes within one year"
r; t=0.00 10:52:25

. label variable q3_7 "3.7 Likelihood government changes before next federal elec
> tion"
r; t=0.00 10:52:25

. label variable q3_8 "3.8 Likelihood of major political event within five years"
r; t=0.00 10:52:25

. label variable q3_9 "3.9 Likelihood of new political force within five years"
r; t=0.00 10:52:25

. label values q3_6 q3_7 q3_8 q3_9 degree
r; t=0.00 10:52:25

. 
. capture drop q3_10_11_transition
r; t=0.00 10:52:25

. label variable q3_10_11 "Nepal stability risk: Corruption"
r; t=0.00 10:52:25

. label variable q3_10_11_001 "Nepal stability risk: Lack of accountability"
r; t=0.00 10:52:25

. label variable q3_10_12 "Nepal stability risk: Unemployment/economic opportunit
> ies"
r; t=0.00 10:52:25

. label variable q3_10_13 "Nepal stability risk: Political exclusion"
r; t=0.00 10:52:25

. label variable q3_10_14 "Nepal stability risk: Rising cost of living"
r; t=0.00 10:52:25

. label variable q3_10_15 "Nepal stability risk: Social media misinformation"
r; t=0.00 10:52:25

. label variable q3_10_16 "Nepal stability risk: Foreign/external influence"
r; t=0.00 10:52:25

. label variable q3_10_17 "Nepal stability risk: Ethnic/religious conflict"
r; t=0.00 10:52:25

. 
. capture confirm string variable q3_10_11_001
r; t=0.00 10:52:25

. if !_rc {
.     replace q3_10_11_001 = "7" if q3_10_11_001 == "dont_know"
(1 real change made)
r; t=0.00 10:52:25
.     destring q3_10_11_001, replace
q3_10_11_001: all characters numeric; replaced as byte
r; t=0.01 10:52:25
. }
r; t=0.01 10:52:25

. 
. label values q3_10_11 q3_10_11_001 q3_10_12 q3_10_13 q3_10_14 q3_10_15 q3_10_16
>  q3_10_17 agree_disagree
r; t=0.00 10:52:25

. 
. capture drop future_intro
r; t=0.00 10:52:25

. label variable q3_11_1 "Nepal hope: Governance/anti-corruption reforms"
r; t=0.00 10:52:25

. label variable q3_11_2 "Nepal hope: Youth political participation"
r; t=0.00 10:52:25

. label variable q3_11_3 "Nepal hope: Improved democracy"
r; t=0.00 10:52:25

. label variable q3_11_4 "Nepal hope: Economic/employment prospects"
r; t=0.00 10:52:25

. label values q3_11_1 q3_11_2 q3_11_3 q3_11_4 agree_disagree
r; t=0.00 10:52:25

. 
. * Section 4: Perception on Gen-Z protest
. capture drop sec4
r; t=0.00 10:52:25

. capture drop sec4_primer
r; t=0.00 10:52:25

. 
. label variable q4_1 "4.1 Attention to September 8 Gen-Z protest and subsequent 
> politics"
r; t=0.00 10:52:25

. label values q4_1 engagement
r; t=0.00 10:52:25

. 
. capture drop q4_2_1_transition
r; t=0.00 10:52:25

. label variable q4_2_1 "Gen-Z protest cause: Corruption"
r; t=0.00 10:52:25

. label variable q4_2_2 "Gen-Z protest cause: Poor public services"
r; t=0.00 10:52:25

. label variable q4_2_3 "Gen-Z protest cause: Unemployment/economic opportunities
> "
r; t=0.00 10:52:25

. label variable q4_2_4 "Gen-Z protest cause: Rising cost of living"
r; t=0.00 10:52:25

. label variable q4_2_5 "Gen-Z protest cause: Distrust of leaders/parties/institu
> tions"
r; t=0.00 10:52:25

. label variable q4_2_6 "Gen-Z protest cause: Nepotism/elite capture"
r; t=0.00 10:52:25

. label variable q4_2_7 "Gen-Z protest cause: Social media ban"
r; t=0.00 10:52:25

. label variable q4_2_8 "Gen-Z protest cause: Foreign/external influence"
r; t=0.00 10:52:25

. label variable q4_3 "4.3 Gen-Z protest: turning point in political history"
r; t=0.00 10:52:25

. label variable q4_4 "4.4 Gen-Z protest: greater youth civic/political participa
> tion"
r; t=0.00 10:52:25

. label variable q4_5 "4.5 Gen-Z protest: youth voices included in mainstream pol
> itics"
r; t=0.00 10:52:25

. label variable q4_6 "4.6 Gen-Z protest: increased public support for RSP"
r; t=0.00 10:52:25

. label variable q4_7 "4.7 Current government represents youth interests"
r; t=0.00 10:52:25

. label variable q4_8 "4.8 Government will continue to advance youth interests"
r; t=0.00 10:52:25

. label values q4_2_1 q4_2_2 q4_2_3 q4_2_4 q4_2_5 q4_2_6 q4_2_7 q4_2_8 q4_3 q4_4 
> q4_5 q4_6 q4_7 q4_8 agree_disagree
r; t=0.00 10:52:25

. 
. * Section 5: Regional perception
. capture drop sec5
r; t=0.00 10:52:25

. capture drop sec5_primer
r; t=0.00 10:52:25

. 
. label variable q5_1 "5.1 Attention to protests in other Asian countries"
r; t=0.00 10:52:25

. label values q5_1 how_closely
r; t=0.00 10:52:25

. 
. capture drop q5_2_1_transition
r; t=0.00 10:52:25

. label variable q5_2_1 "South Asia dissent cause: Governance/corruption/public s
> ervices"
r; t=0.00 10:52:25

. label variable q5_2_2 "South Asia dissent cause: Unemployment/economic opportun
> ities"
r; t=0.00 10:52:25

. label variable q5_2_3 "South Asia dissent cause: Distrust of leaders/parties/in
> stitutions"
r; t=0.00 10:52:25

. label variable q5_2_4 "South Asia dissent cause: Political exclusion"
r; t=0.00 10:52:25

. label variable q5_2_5 "South Asia dissent cause: Nepotism/elite capture"
r; t=0.00 10:52:25

. label variable q5_2_6 "South Asia dissent cause: Foreign/external influence"
r; t=0.00 10:52:25

. 
. capture drop q5_3_transition
r; t=0.00 10:52:25

. label variable q5_3 "5.3 Protests in one country encourage others in South Asia
> "
r; t=0.00 10:52:25

. 
. label variable q5_4 "5.4 Political stability of South Asia today"
r; t=0.00 10:52:25

. label values q5_4 stability
r; t=0.00 10:52:25

. label variable q5_5 "5.5 Optimism for South Asian stability over next five year
> s"
r; t=0.00 10:52:25

. label values q5_5 optimism
r; t=0.00 10:52:25

. 
. capture drop q5_6_1_transition
r; t=0.00 10:52:25

. label variable q5_6_1 "South Asia stability risk: Corruption/lack of accountabi
> lity"
r; t=0.00 10:52:25

. label variable q5_6_2 "South Asia stability risk: Unemployment/economic opportu
> nities"
r; t=0.00 10:52:25

. label variable q5_6_3 "South Asia stability risk: Political exclusion"
r; t=0.00 10:52:25

. label variable q5_6_4 "South Asia stability risk: Rising cost of living"
r; t=0.00 10:52:25

. label variable q5_6_5 "South Asia stability risk: Social media misinformation"
r; t=0.00 10:52:25

. label variable q5_6_6 "South Asia stability risk: Foreign/external influence"
r; t=0.00 10:52:25

. label variable q5_6_7 "South Asia stability risk: Ethnic/religious conflict"
r; t=0.00 10:52:25

. 
. capture drop q5_7_1_transition
r; t=0.00 10:52:25

. label variable q5_7_1 "South Asia hope: Governance/anti-corruption reforms"
r; t=0.00 10:52:25

. label variable q5_7_2 "South Asia hope: Youth political participation"
r; t=0.00 10:52:25

. label variable q5_7_3 "South Asia hope: Improved democracy"
r; t=0.00 10:52:25

. label variable q5_7_4 "South Asia hope: Economic/employment prospects"
r; t=0.00 10:52:25

. 
. label values q5_2_1 q5_2_2 q5_2_3 q5_2_4 q5_2_5 q5_2_6 q5_3 q5_6_1 q5_6_2 q5_6_
> 3 q5_6_4 q5_6_5 q5_6_6 q5_6_7 q5_7_1 q5_7_2 q5_7_3 q5_7_4 agree_disagree
r; t=0.00 10:52:25

. 
. * Additional information
. capture drop end_note
r; t=0.00 10:52:25

. 
. label variable Record_your_current_location "Original GPS point: latitude longi
> tude altitude accuracy"
r; t=0.00 10:52:25

. label variable _Record_your_current_location_la "GPS latitude (decimal degrees)
> "
r; t=0.00 10:52:25

. label variable _Record_your_current_location_lo "GPS longitude (decimal degrees
> )"
r; t=0.00 10:52:25

. label variable _Record_your_current_location_al "GPS altitude (metres)"
r; t=0.00 10:52:25

. label variable _Record_your_current_location_pr "GPS horizontal accuracy (metre
> s)"
r; t=0.00 10:52:25

. label variable Province "Province"
r; t=0.00 10:52:25

. label variable local_government "Local government: original response"
r; t=0.00 10:52:25

. label variable local_government_clean "Local government: cleaned text"
r; t=0.00 10:52:25

. label variable lg_name "Local government: standardized name"
r; t=0.00 10:52:25

. label variable lg_type "Local government: standardized type"
r; t=0.00 10:52:25

. label variable lg_review "Local government: review flag"
r; t=0.00 10:52:25

. label variable lg_review_note "Local government: review note"
r; t=0.00 10:52:25

. label variable ward "Ward number"
r; t=0.00 10:52:25

. label variable ethnicity "Ethnicity"
r; t=0.00 10:52:25

. label variable religion "Religion"
r; t=0.00 10:52:25

. label variable _id "Submission ID (Kobo)"
r; t=0.00 10:52:25

. label variable _uuid "Submission UUID (Kobo)"
r; t=0.00 10:52:25

. label variable _submission_time "Submission date and time: source value, timezo
> ne unspecified"
r; t=0.00 10:52:25

. label variable _validation_status "Submission validation status"
r; t=0.00 10:52:25

. label variable _notes "Submission notes"
r; t=0.00 10:52:25

. label variable _status "Submission status"
r; t=0.00 10:52:25

. label variable _submitted_by "Account submitting the response"
r; t=0.00 10:52:25

. label variable __version__ "Form version identifier"
r; t=0.00 10:52:25

. label variable _tags "Submission tags"
r; t=0.00 10:52:25

. label variable metarootUuid "Root submission UUID"
r; t=0.00 10:52:25

. label variable _index "Original export row index"
r; t=0.00 10:52:25

. 
. compress
  variable Interviewer_Name was long now byte
  variable Province was long now byte
  variable lg_name was long now byte
  variable lg_type was long now byte
  variable interview_time_num was double now long
  variable lg_review_note was str80 now str25
  local_government_clean is strL now coalesced
  (114,621 bytes saved)
r; t=0.00 10:52:25

. save "$data_clean/student_survey_cleaned.dta", replace
(file C:\Users\ACER\OneDrive - Samriddhi
    Foundation\Projects\FNF/1_data/2_clean/student_survey_cleaned.dta not
    found)
file C:\Users\ACER\OneDrive - Samriddhi
    Foundation\Projects\FNF/1_data/2_clean/student_survey_cleaned.dta saved
r; t=0.01 10:52:25

. 
end of do-file
r; t=1.36 10:52:25

. 
. 
. *------------------------------------------------------------------------------
> *                
. **#                                                     End of do file
. *------------------------------------------------------------------------------
> *
.         exit

end of do-file
r; t=0.00 10:52:25
